Expected Results:
- Simulink simulation output showing DC bus voltage collapse when HT in DC-DC converter is triggered
- Simulink simulation output showing AC bus voltage amplitude distortion when HT in DC-AC inverter is triggered
- Efficiency degradation consistent with Figures 7 and 8 in the paper
