Expected Results:
- ETAP simulation showing voltage collapse and frequency instability
- Blackout scenario consistent with Figure 11 in the paper
